--------------------------------------------------------------------------------------
Timing Analyzer Summary
--------------------------------------------------------------------------------------

Type           : Worst-case tsu
Slack          : N/A
Required Time  : None
Actual Time    : 11.000 ns
From           : W2
To             : ST0
From Clock     : --
To Clock       : T3
Failed Paths   : 0

Type           : Worst-case tco
Slack          : N/A
Required Time  : None
Actual Time    : 18.000 ns
From           : ST0
To             : ABUS
From Clock     : T3
To Clock       : --
Failed Paths   : 0

Type           : Worst-case tpd
Slack          : N/A
Required Time  : None
Actual Time    : 16.000 ns
From           : IRHIGH[0]
To             : ABUS
From Clock     : --
To Clock       : --
Failed Paths   : 0

Type           : Worst-case th
Slack          : N/A
Required Time  : None
Actual Time    : -3.000 ns
From           : W2
To             : ST0
From Clock     : --
To Clock       : T3
Failed Paths   : 0

Type           : Clock Setup: 'T3'
Slack          : N/A
Required Time  : None
Actual Time    : 76.92 MHz ( period = 13.000 ns )
From           : ST0
To             : ST0
From Clock     : T3
To Clock       : T3
Failed Paths   : 0

Type           : Total number of failed paths
Slack          : 
Required Time  : 
Actual Time    : 
From           : 
To             : 
From Clock     : 
To Clock       : 
Failed Paths   : 0

--------------------------------------------------------------------------------------

